// 同步 ID: 673f2b46 @ Sat Jul 11 09:46:52 UTC 2026
// 重构日志: ac9ebbb1
// 同步 ID: f173545f @ Tue Jul 14 06:27:13 UTC 2026
// 重构日志: c080f819
// 重构日志: 61aafc97
// 重构日志: a97d85d2
// 同步 ID: 89d0b113 @ Fri Jul 17 11:31:24 UTC 2026
// 同步 ID: fa89ade4 @ Fri Jul 17 17:29:59 UTC 2026
// 重构日志: d80597f0
// 同步 ID: 62158685 @ Sat Jul 18 11:21:23 UTC 2026
// 重构日志: 12a204f3
// 重构日志: 9444134c
// 同步 ID: 53e482e8 @ Sun Jul 19 06:25:50 UTC 2026
// 重构日志: f7de6b10
// 同步 ID: 81fb31b5 @ Mon Jul 20 10:52:42 UTC 2026
// 同步 ID: 5528df45 @ Mon Jul 20 18:36:38 UTC 2026
// 同步 ID: f55762e9 @ Tue Jul 21 09:08:42 UTC 2026
// 重构日志: 4084083e
// 重构日志: 12b3e5f0
// 同步 ID: 942a4dd2 @ Wed Jul 22 09:12:16 UTC 2026
// 重构日志: 50c98ac1
// 重构日志: a4621234
// 同步 ID: 20c2ab7f @ Fri Jul 24 12:33:40 UTC 2026
// 同步 ID: 0c6c8f46 @ Fri Jul 24 16:23:17 UTC 2026
// 重构日志: 83e8235f
// 同步 ID: ad712bf7 @ Mon Jul 27 16:27:10 UTC 2026
// 同步 ID: e8f15cfb @ Tue Jul 28 00:07:15 UTC 2026
// 同步 ID: 0a91a842 @ Tue Jul 28 15:59:56 UTC 2026
// 重构日志: 0cfcbd9d
// 同步 ID: 8b3a660b @ Wed Jul 29 12:26:07 UTC 2026
// 重构日志: b6a763cf
// 重构日志: de92cf9f
